OK
OK
OK
OK
poly C [(1;1) (-1;2) (-3;0) (-1;-3) (1;0)]
rectangle R [(-8;4) (4;-4)]
segment S [(-10;-10) (-6;-10)]
union1 U [S [(-10;-10) (-6;-10)] R [(-8;4) (4;-4)] C [(1;1) (-1;2) (-3;0) (-1;-3) (1;0)]]
OK
OK
poly C [(1;1) (-1;2) (-3;0) (-1;-3) (1;0)]
rectangle R [(-8;4) (4;-4)]
segment S [(0;0) (4;0)]
union1 U [S [(-10;-10) (-6;-10)] R [(-8;4) (4;-4)] C [(1;1) (-1;2) (-3;0) (-1;-3) (1;0)]]
union2 U [U [S [(-10;-10) (-6;-10)] R [(-8;4) (4;-4)] C [(1;1) (-1;2) (-3;0) (-1;-3) (1;0)]] S [(0;0) (4;0)] R [(-8;4) (4;-4)] C [(1;1) (-1;2) (-3;0) (-1;-3) (1;0)]]
YES
YES
YES
NO
