Warning: Only hits between 23h and 24h have been taken into account.
