OK
OK
OK
OK
OK
inter I [S [(-3;1) (5;1)] R [(-8;4) (4;-4)] C [(1;1) (-1;2) (-3;0) (-1;-3) (1;0)]]
poly C [(1;1) (-1;2) (-3;0) (-1;-3) (1;0)]
rectangle R [(-8;4) (4;-4)]
segment S [(-3;1) (5;1)]
union U [S [(-3;1) (5;1)] R [(-8;4) (4;-4)] C [(1;1) (-1;2) (-3;0) (-1;-3) (1;0)]]
ERR
OK
poly C [(1;1) (-1;2) (-3;0) (-1;-3) (1;0)]
rectangle R [(-8;4) (4;-4)]
segment S [(-3;1) (5;1)]
union U [S [(-3;1) (5;1)] R [(-8;4) (4;-4)] C [(1;1) (-1;2) (-3;0) (-1;-3) (1;0)]]
OK
poly C [(1;1) (-1;2) (-3;0) (-1;-3) (1;0)]
rectangle R [(-8;4) (4;-4)]
union U [S [(-3;1) (5;1)] R [(-8;4) (4;-4)] C [(1;1) (-1;2) (-3;0) (-1;-3) (1;0)]]
OK
