OK
OK
rectangle1 R [(-8;4) (4;-4)]
rectangle2 R [(0;0) (1;1)]
OK
rectangle1 R [(-8;4) (4;-4)]
rectangle2 R [(-1;0) (0;1)]
YES
NO
YES
NO
NO
YES
