OK
OK
ERR
NO
poly1 C [(3;4) (4;2) (2;1)]
poly2 C [(1;1) (-1;2) (-3;0) (-1;-3) (1;0)]
OK
poly1 C [(1;3) (2;1) (0;0)]
poly2 C [(1;1) (-1;2) (-3;0) (-1;-3) (1;0)]
YES
YES
YES
NO
NO
YES
YES
YES
YES
NO
NO
