Warning: Failed to parse line 1 (Invalid log entry)
Warning: Failed to parse line 2 (Invalid log entry)
Warning: Failed to parse line 3 (Invalid log entry)
Warning: Failed to parse line 4 (Invalid log entry)
Warning: Failed to parse line 5 (Invalid log entry)
Warning: Failed to parse line 6 (Invalid log entry)
Warning: Failed to parse line 7 (Invalid log entry)
Warning: Failed to parse line 8 (Invalid log entry)
Warning: Failed to parse line 9 (Invalid log entry)
Warning: Failed to parse line 10 (Invalid log entry)
Warning: Failed to parse line 12 (Invalid log entry)
Warning: Failed to parse line 13 (Invalid log entry)
Warning: Failed to parse line 14 (Invalid log entry)
Warning: Failed to parse line 15 (Invalid log entry)
Warning: Failed to parse line 16 (Invalid log entry)
Warning: Failed to parse line 19 (Invalid log entry)
Warning: Failed to parse line 20 (Invalid log entry)
Warning: Failed to parse line 21 (Invalid log entry)
Warning: Failed to parse line 23 (Invalid log entry)
Warning: Failed to parse line 25 (Invalid log entry)
