/page4.php (40000 hits)
/page5.php (30000 hits)
/page1.php (20000 hits)
/page0.php (10000 hits)
/page2.php (10000 hits)
/page3.php (10000 hits)
/page6.php (10000 hits)
/page7.php (10000 hits)
/page8.php (10000 hits)
/ (10000 hits)
