Warning: Only hits between 0h and 1h have been taken into account.
