/page4.php (4 hits)
/page5.php (3 hits)
/page1.php (2 hits)
/page0.php (1 hits)
/page2.php (1 hits)
/page3.php (1 hits)
/page6.php (1 hits)
/page7.php (1 hits)
/page8.php (1 hits)
/ (1 hits)
