Dot-file test_12.dot generated
/image.jpg (2 hits)
/image.png (1 hits)
/favicon.ico (1 hits)
/test.gif (1 hits)
/photo.jpeg (1 hits)
