PARSE ERROR:
             Required argument missing: log

Brief USAGE:
   tp-oo_3  [-t <0|1|2|3|4|5|6|7|8|9|10|11|12|13|14|15|16|17|18|19|20|21|22
            |23>] [-e] [-g <FILE>] [--] [--version] [-h] <FILE>

For complete USAGE and HELP type:
   tp-oo_3 --help


