V 100%
J 0%
R 0%
N 0%
V 100%
J 0%
R 0%
N 0%
V 50%
J 50%
R 0%
N 0%
