V 24%
J 24%
R 25%
N 25%
6 0 50%
6 1 49%
6 2 49%
6 3 49%
6 4 49%
6 5 49%
6 6 50%
6 7 50%
6 8 49%
6 9 49%
6 10 50%
6 11 50%
6 12 50%
6 13 50%
6 14 49%
6 15 49%
6 16 49%
6 17 50%
6 18 49%
6 19 49%
6 20 49%
6 21 49%
6 22 50%
6 23 50%
V 25%
J 25%
R 24%
N 24%
