V 0%
J 0%
R 0%
N 0%
V 28%
J 28%
R 28%
N 14%
V 28%
J 28%
R 28%
N 14%
V 100%
J 0%
R 0%
N 0%