OK
OK
OK
OK
OK
OK
OK
inter I [S [(-3;1) (5;1)] R [(-8;4) (4;-4)] C [(1;1) (-1;2) (-3;0) (-1;-3) (1;0)]]
poly C [(1;1) (-1;2) (-3;0) (-1;-3) (1;0)]
rectangle R [(-8;4) (4;-4)]
segment S [(-3;1) (5;1)]
union U [S [(-3;1) (5;1)] R [(-8;4) (4;-4)] C [(1;1) (-1;2) (-3;0) (-1;-3) (1;0)]]
OK
OK
OK
OK
OK
ERR
OK
segment S [(-3;1) (5;1)]
OK
OK
OK
OK
OK
ERR
inter I [S [(-3;1) (5;1)] R [(-8;4) (4;-4)] C [(1;1) (-1;2) (-3;0) (-1;-3) (1;0)]]
poly C [(1;1) (-1;2) (-3;0) (-1;-3) (1;0)]
rectangle R [(-8;4) (4;-4)]
segment S [(-3;1) (5;1)]
super U [U [S [(-3;1) (5;1)] R [(-8;4) (4;-4)] C [(1;1) (-1;2) (-3;0) (-1;-3) (1;0)]] I [S [(-3;1) (5;1)] R [(-8;4) (4;-4)] C [(1;1) (-1;2) (-3;0) (-1;-3) (1;0)]]]
union U [S [(-3;1) (5;1)] R [(-8;4) (4;-4)] C [(1;1) (-1;2) (-3;0) (-1;-3) (1;0)]]
OK
OK
ERR
inter I [S [(-3;1) (5;1)] R [(-8;4) (4;-4)] C [(1;1) (-1;2) (-3;0) (-1;-3) (1;0)]]
poly C [(1;1) (-1;2) (-3;0) (-1;-3) (1;0)]
rectangle R [(-8;4) (4;-4)]
segment S [(-2;2) (6;2)]
union U [S [(-3;1) (5;1)] R [(-8;4) (4;-4)] C [(1;1) (-1;2) (-3;0) (-1;-3) (1;0)]]
OK
inter I [S [(-3;1) (5;1)] R [(-8;4) (4;-4)] C [(1;1) (-1;2) (-3;0) (-1;-3) (1;0)]]
poly C [(1;1) (-1;2) (-3;0) (-1;-3) (1;0)]
rectangle R [(-8;4) (4;-4)]
segment S [(-3;1) (5;1)]
union U [S [(-3;1) (5;1)] R [(-8;4) (4;-4)] C [(1;1) (-1;2) (-3;0) (-1;-3) (1;0)]]
OK
inter I [S [(-3;1) (5;1)] R [(-8;4) (4;-4)] C [(1;1) (-1;2) (-3;0) (-1;-3) (1;0)]]
poly C [(1;1) (-1;2) (-3;0) (-1;-3) (1;0)]
rectangle R [(-8;4) (4;-4)]
segment S [(-2;2) (6;2)]
union U [S [(-3;1) (5;1)] R [(-8;4) (4;-4)] C [(1;1) (-1;2) (-3;0) (-1;-3) (1;0)]]
OK
OK
OK
inter I [S [(-3;1) (5;1)] R [(-8;4) (4;-4)] C [(1;1) (-1;2) (-3;0) (-1;-3) (1;0)]]
poly C [(1;1) (-1;2) (-3;0) (-1;-3) (1;0)]
rectangle R [(-8;4) (4;-4)]
segment S [(-2;2) (6;2)]
union U [S [(-3;1) (5;1)] R [(-8;4) (4;-4)] C [(1;1) (-1;2) (-3;0) (-1;-3) (1;0)]]
OK
OK
inter I [S [(-3;1) (5;1)] R [(-8;4) (4;-4)] C [(1;1) (-1;2) (-3;0) (-1;-3) (1;0)]]
poly C [(1;1) (-1;2) (-3;0) (-1;-3) (1;0)]
rectangle R [(-8;4) (4;-4)]
segment S [(-2;2) (6;2)]
union U [S [(-3;1) (5;1)] R [(-8;4) (4;-4)] C [(1;1) (-1;2) (-3;0) (-1;-3) (1;0)]]
OK
OK
inter I [S [(-3;1) (5;1)] R [(-8;4) (4;-4)] C [(1;1) (-1;2) (-3;0) (-1;-3) (1;0)]]
poly C [(1;1) (-1;2) (-3;0) (-1;-3) (1;0)]
rectangle R [(-8;4) (4;-4)]
segment S [(-2;2) (6;2)]
union U [S [(-3;1) (5;1)] R [(-8;4) (4;-4)] C [(1;1) (-1;2) (-3;0) (-1;-3) (1;0)]]
