OK
OK
OK
OK
inter1 I [S [(-3;1) (5;1)] R [(-8;4) (4;-4)] C [(1;1) (-1;2) (-3;0) (-1;-3) (1;0)]]
poly C [(1;1) (-1;2) (-3;0) (-1;-3) (1;0)]
rectangle R [(-8;4) (4;-4)]
segment S [(-3;1) (5;1)]
OK
OK
inter1 I [S [(-3;1) (5;1)] R [(-8;4) (4;-4)] C [(1;1) (-1;2) (-3;0) (-1;-3) (1;0)]]
inter2 I [I [S [(-3;1) (5;1)] R [(-8;4) (4;-4)] C [(1;1) (-1;2) (-3;0) (-1;-3) (1;0)]] S [(7;11) (15;11)] R [(-8;4) (4;-4)] C [(1;1) (-1;2) (-3;0) (-1;-3) (1;0)]]
poly C [(1;1) (-1;2) (-3;0) (-1;-3) (1;0)]
rectangle R [(-8;4) (4;-4)]
segment S [(7;11) (15;11)]
YES
YES
NO
NO
