/ (1 hits)
/page1.php (1 hits)
/page2.php (1 hits)
