V 40%
J 20%
R 20%
N 20%
V 40%
J 20%
R 20%
N 20%
V 0%
J 0%
R 0%
N 100%
V 42%
J 14%
R 14%
N 28%
